[banhmivietnam.xyz/index.html]
[backblue.gif]
[fade.gif]
[index.html]
[banhmivietnam.xyz/img/Favicon.png]
[banhmivietnam.xyz/img/Webclip.png]
[banhmivietnam.xyz/img/Hero banh mi.png]
[banhmivietnam.xyz/img/Hero banh mi circle bg.png]
[banhmivietnam.xyz/style.css]
[cdn.jsdelivr.net/npm/gsap@3.15/dist/gsap.min.js]
[cdn.jsdelivr.net/npm/gsap@3.15/dist/ScrollTrigger.min.js]
[cdn.jsdelivr.net/npm/gsap@3.15/dist/SplitText.min.js]
[cdn.jsdelivr.net/npm/swiper@11/swiper-bundle.min.css]
[cdn.jsdelivr.net/npm/swiper@11/swiper-bundle.min.js]
[unpkg.com/lenis@1.1.13/dist/lenis.min.js]
[cdn.jsdelivr.net/npm/@phosphor-icons/web@2.1.1/src/regular/style.css]
[cdn.jsdelivr.net/npm/@phosphor-icons/web@2.1.1/src/fill/style.css]
[banhmivietnam.xyz/script.js]
[banhmivietnam.xyz/img/Evolution 1.png]
[banhmivietnam.xyz/img/Evolution 2.png]
[banhmivietnam.xyz/img/Evolution 3.png]
[banhmivietnam.xyz/img/Evolution 4.png]
[banhmivietnam.xyz/img/Evolution 5.png]
[banhmivietnam.xyz/img/Evolution 6.png]
[banhmivietnam.xyz/img/1859.svg]
[banhmivietnam.xyz/img/Banh mi 1859.png]
[banhmivietnam.xyz/img/1958.svg]
[banhmivietnam.xyz/img/Banh mi 1958.png]
[banhmivietnam.xyz/img/2011.svg]
[banhmivietnam.xyz/img/Banh mi 2011.png]
[banhmivietnam.xyz/img/Preanatomy banh mi.png]
[banhmivietnam.xyz/img/Carrot.png]
[banhmivietnam.xyz/img/Cucumber.png]
[banhmivietnam.xyz/img/Anatomy banh mi.png]
[banhmivietnam.xyz/img/Coriander.png]
[banhmivietnam.xyz/img/Chilli.png]
[banhmivietnam.xyz/img/Topping 1.png]
[banhmivietnam.xyz/img/Topping 2.png]
[banhmivietnam.xyz/img/Topping 3.png]
[banhmivietnam.xyz/img/Fillings 1.png]
[banhmivietnam.xyz/img/Fillings 2.png]
[banhmivietnam.xyz/img/Fillings 3.png]
[banhmivietnam.xyz/img/Fillings 4.png]
[banhmivietnam.xyz/img/Fillings 5.png]
[banhmivietnam.xyz/img/Fillings 6.png]
[banhmivietnam.xyz/img/Fillings 7.png]
[banhmivietnam.xyz/img/Fillings 8.png]
[banhmivietnam.xyz/img/Street image 1.png]
[banhmivietnam.xyz/img/Popular dish.png]
[banhmivietnam.xyz/img/Delicious flavor.png]
[banhmivietnam.xyz/img/Street image 2.png]
[banhmivietnam.xyz/img/Footer banh mi top.png]
[banhmivietnam.xyz/img/Footer banh mi.png]
[banhmivietnam.xyz/img/Footer vietnam.png]
[banhmivietnam.xyz/img/Footer paper center.png]
[banhmivietnam.xyz/img/Footer banh mi bottom.png]
[banhmivietnam.xyz/index.html]
[banhmivietnam.xyz/img/Main.37.delayed]
[banhmivietnam.xyz/img/Footer.38.delayed]
[banhmivietnam.xyz/style.css]
[cdn.jsdelivr.net/npm/swiper@11/swiper-bundle.min.css]
[cdn.jsdelivr.net/npm/@phosphor-icons/web@2.1.1/src/regular/Phosphor.woff2]
[cdn.jsdelivr.net/npm/@phosphor-icons/web@2.1.1/src/regular/Phosphor.woff]
[cdn.jsdelivr.net/npm/@phosphor-icons/web@2.1.1/src/regular/Phosphor.ttf]
[cdn.jsdelivr.net/npm/@phosphor-icons/web@2.1.1/src/regular/style.css]
[cdn.jsdelivr.net/npm/@phosphor-icons/web@2.1.1/src/fill/Phosphor-Fill.woff2]
[cdn.jsdelivr.net/npm/@phosphor-icons/web@2.1.1/src/regular/Phosphor.svg]
[cdn.jsdelivr.net/npm/@phosphor-icons/web@2.1.1/src/fill/Phosphor-Fill.woff]
[cdn.jsdelivr.net/npm/@phosphor-icons/web@2.1.1/src/fill/Phosphor-Fill.ttf]
[cdn.jsdelivr.net/npm/@phosphor-icons/web@2.1.1/src/fill/style.css]
[banhmivietnam.xyz/img/1859.svg]
[banhmivietnam.xyz/img/1958.svg]
[banhmivietnam.xyz/img/2011.svg]
[banhmivietnam.xyz/img/Star red 10.svg]
[banhmivietnam.xyz/img/Half circle top.svg]
[banhmivietnam.xyz/img/Half circle bottom.svg]
[banhmivietnam.xyz/img/404.html]
[banhmivietnam.xyz/img/404-2.html]
[cdn.jsdelivr.net/npm/@phosphor-icons/web@2.1.1/src/fill/Phosphor-Fill.svg]
[cdn.jsdelivr.net/npm/@phosphor-icons/web@2.1.1/src/regular/Phosphor.svg]
[cdn.jsdelivr.net/npm/@phosphor-icons/web@2.1.1/src/fill/Phosphor-Fill.svg]
